src/cli/index.ts(6,25): error TS2307: Cannot find module 'commander' or its corresponding type declarations.
src/cli/index.ts(38,1): error TS2591: Cannot find name 'process'. Do you need to install type definitions for node? Try `npm i --save-dev @types/node` and then add 'node' to the types field in your tsconfig.
src/cli/index.ts(39,3): error TS2584: Cannot find name 'console'. Do you need to change your target library? Try changing the 'lib' compiler option to include 'dom'.
src/cli/index.ts(40,3): error TS2591: Cannot find name 'process'. Do you need to install type definitions for node? Try `npm i --save-dev @types/node` and then add 'node' to the types field in your tsconfig.
src/cli/index.ts(43,1): error TS2591: Cannot find name 'process'. Do you need to install type definitions for node? Try `npm i --save-dev @types/node` and then add 'node' to the types field in your tsconfig.
src/cli/index.ts(44,3): error TS2591: Cannot find name 'process'. Do you need to install type definitions for node? Try `npm i --save-dev @types/node` and then add 'node' to the types field in your tsconfig.
src/cli/index.ts(92,31): error TS2304: Cannot find name 'setInterval'.
src/cli/index.ts(96,21): error TS2304: Cannot find name 'setInterval'.
src/cli/index.ts(101,5): error TS2304: Cannot find name 'clearInterval'.
src/cli/index.ts(102,5): error TS2304: Cannot find name 'clearInterval'.
src/cli/index.ts(119,18): error TS7006: Parameter 'str' implicitly has an 'any' type.
src/cli/index.ts(119,26): error TS2584: Cannot find name 'console'. Do you need to change your target library? Try changing the 'lib' compiler option to include 'dom'.
src/cli/index.ts(120,18): error TS7006: Parameter 'str' implicitly has an 'any' type.
src/cli/index.ts(120,26): error TS2584: Cannot find name 'console'. Do you need to change your target library? Try changing the 'lib' compiler option to include 'dom'.
src/cli/index.ts(137,20): error TS7006: Parameter 'options' implicitly has an 'any' type.
src/cli/index.ts(151,20): error TS7006: Parameter 'question' implicitly has an 'any' type.
src/cli/index.ts(151,30): error TS7006: Parameter 'options' implicitly has an 'any' type.
src/cli/index.ts(223,20): error TS7006: Parameter 'id' implicitly has an 'any' type.
src/cli/index.ts(232,20): error TS7006: Parameter 'id' implicitly has an 'any' type.
src/cli/index.ts(242,20): error TS7006: Parameter 'id' implicitly has an 'any' type.
src/cli/index.ts(251,20): error TS7006: Parameter 'options' implicitly has an 'any' type.
src/cli/index.ts(260,20): error TS7006: Parameter 'id' implicitly has an 'any' type.
src/cli/index.ts(285,20): error TS7006: Parameter 'action' implicitly has an 'any' type.
src/cli/index.ts(297,20): error TS7006: Parameter 'options' implicitly has an 'any' type.
src/commands/ask.command.ts(6,19): error TS2307: Cannot find module 'chalk' or its corresponding type declarations.
src/commands/ask.command.ts(7,22): error TS2307: Cannot find module 'inquirer' or its corresponding type declarations.
src/commands/ask.command.ts(64,13): error TS2591: Cannot find name 'process'. Do you need to install type definitions for node? Try `npm i --save-dev @types/node` and then add 'node' to the types field in your tsconfig.
src/commands/ask.command.ts(68,11): error TS2591: Cannot find name 'process'. Do you need to install type definitions for node? Try `npm i --save-dev @types/node` and then add 'node' to the types field in your tsconfig.
src/commands/ask.command.ts(74,9): error TS2584: Cannot find name 'console'. Do you need to change your target library? Try changing the 'lib' compiler option to include 'dom'.
src/commands/ask.command.ts(86,5): error TS2591: Cannot find name 'process'. Do you need to install type definitions for node? Try `npm i --save-dev @types/node` and then add 'node' to the types field in your tsconfig.
src/commands/ask.command.ts(94,13): error TS2591: Cannot find name 'process'. Do you need to install type definitions for node? Try `npm i --save-dev @types/node` and then add 'node' to the types field in your tsconfig.
src/commands/ask.command.ts(96,25): error TS2584: Cannot find name 'console'. Do you need to change your target library? Try changing the 'lib' compiler option to include 'dom'.
src/commands/ask.command.ts(97,36): error TS2584: Cannot find name 'console'. Do you need to change your target library? Try changing the 'lib' compiler option to include 'dom'.
src/commands/ask.command.ts(126,7): error TS2584: Cannot find name 'console'. Do you need to change your target library? Try changing the 'lib' compiler option to include 'dom'.
src/commands/ask.command.ts(152,11): error TS2591: Cannot find name 'process'. Do you need to install type definitions for node? Try `npm i --save-dev @types/node` and then add 'node' to the types field in your tsconfig.
src/commands/ask.command.ts(160,9): error TS2591: Cannot find name 'process'. Do you need to install type definitions for node? Try `npm i --save-dev @types/node` and then add 'node' to the types field in your tsconfig.
src/commands/ask.command.ts(163,7): error TS2584: Cannot find name 'console'. Do you need to change your target library? Try changing the 'lib' compiler option to include 'dom'.
src/commands/chat.command.ts(6,22): error TS2307: Cannot find module 'inquirer' or its corresponding type declarations.
src/commands/chat.command.ts(155,46): error TS2591: Cannot find name 'process'. Do you need to install type definitions for node? Try `npm i --save-dev @types/node` and then add 'node' to the types field in your tsconfig.
src/commands/chat.command.ts(310,26): error TS2591: Cannot find name 'require'. Do you need to install type definitions for node? Try `npm i --save-dev @types/node` and then add 'node' to the types field in your tsconfig.
src/commands/chat.command.ts(594,11): error TS2591: Cannot find name 'process'. Do you need to install type definitions for node? Try `npm i --save-dev @types/node` and then add 'node' to the types field in your tsconfig.
src/commands/chat.command.ts(601,11): error TS2591: Cannot find name 'process'. Do you need to install type definitions for node? Try `npm i --save-dev @types/node` and then add 'node' to the types field in your tsconfig.
src/commands/chat.command.ts(603,23): error TS2584: Cannot find name 'console'. Do you need to change your target library? Try changing the 'lib' compiler option to include 'dom'.
src/commands/chat.command.ts(742,61): error TS2591: Cannot find name 'process'. Do you need to install type definitions for node? Try `npm i --save-dev @types/node` and then add 'node' to the types field in your tsconfig.
src/commands/chat.command.ts(743,62): error TS2591: Cannot find name 'process'. Do you need to install type definitions for node? Try `npm i --save-dev @types/node` and then add 'node' to the types field in your tsconfig.
src/commands/chat.command.ts(743,96): error TS2591: Cannot find name 'process'. Do you need to install type definitions for node? Try `npm i --save-dev @types/node` and then add 'node' to the types field in your tsconfig.
src/commands/chat.command.ts(768,31): error TS2307: Cannot find module 'fs-extra' or its corresponding type declarations.
src/commands/chat.command.ts(769,33): error TS2591: Cannot find name 'node:path'. Do you need to install type definitions for node? Try `npm i --save-dev @types/node` and then add 'node' to the types field in your tsconfig.
src/commands/chat.command.ts(771,41): error TS2591: Cannot find name 'process'. Do you need to install type definitions for node? Try `npm i --save-dev @types/node` and then add 'node' to the types field in your tsconfig.
src/commands/chat.command.ts(773,39): error TS2591: Cannot find name 'process'. Do you need to install type definitions for node? Try `npm i --save-dev @types/node` and then add 'node' to the types field in your tsconfig.
src/commands/chat.command.ts(775,38): error TS2591: Cannot find name 'process'. Do you need to install type definitions for node? Try `npm i --save-dev @types/node` and then add 'node' to the types field in your tsconfig.
src/commands/chat.command.ts(776,33): error TS7006: Parameter 'f' implicitly has an 'any' type.
src/commands/chat.command.ts(777,44): error TS2591: Cannot find name 'process'. Do you need to install type definitions for node? Try `npm i --save-dev @types/node` and then add 'node' to the types field in your tsconfig.
src/commands/chat.command.ts(781,60): error TS2591: Cannot find name 'process'. Do you need to install type definitions for node? Try `npm i --save-dev @types/node` and then add 'node' to the types field in your tsconfig.
src/commands/clear.command.ts(6,22): error TS2307: Cannot find module 'inquirer' or its corresponding type declarations.
src/commands/clear.command.ts(21,7): error TS2584: Cannot find name 'console'. Do you need to change your target library? Try changing the 'lib' compiler option to include 'dom'.
src/commands/clear.command.ts(26,7): error TS2584: Cannot find name 'console'. Do you need to change your target library? Try changing the 'lib' compiler option to include 'dom'.
src/commands/clear.command.ts(38,9): error TS2584: Cannot find name 'console'. Do you need to change your target library? Try changing the 'lib' compiler option to include 'dom'.
src/commands/clear.command.ts(44,5): error TS2584: Cannot find name 'console'. Do you need to change your target library? Try changing the 'lib' compiler option to include 'dom'.
src/commands/config.command.ts(6,22): error TS2307: Cannot find module 'inquirer' or its corresponding type declarations.
src/commands/config.command.ts(7,19): error TS2307: Cannot find module 'chalk' or its corresponding type declarations.
src/commands/config.command.ts(47,5): error TS2584: Cannot find name 'console'. Do you need to change your target library? Try changing the 'lib' compiler option to include 'dom'.
src/commands/config.command.ts(48,5): error TS2584: Cannot find name 'console'. Do you need to change your target library? Try changing the 'lib' compiler option to include 'dom'.
src/commands/config.command.ts(49,5): error TS2584: Cannot find name 'console'. Do you need to change your target library? Try changing the 'lib' compiler option to include 'dom'.
src/commands/config.command.ts(50,5): error TS2584: Cannot find name 'console'. Do you need to change your target library? Try changing the 'lib' compiler option to include 'dom'.
src/commands/config.command.ts(51,5): error TS2584: Cannot find name 'console'. Do you need to change your target library? Try changing the 'lib' compiler option to include 'dom'.
src/commands/config.command.ts(52,5): error TS2584: Cannot find name 'console'. Do you need to change your target library? Try changing the 'lib' compiler option to include 'dom'.
src/commands/config.command.ts(53,5): error TS2584: Cannot find name 'console'. Do you need to change your target library? Try changing the 'lib' compiler option to include 'dom'.
src/commands/config.command.ts(54,5): error TS2584: Cannot find name 'console'. Do you need to change your target library? Try changing the 'lib' compiler option to include 'dom'.
src/commands/config.command.ts(55,5): error TS2584: Cannot find name 'console'. Do you need to change your target library? Try changing the 'lib' compiler option to include 'dom'.
src/commands/config.command.ts(56,5): error TS2584: Cannot find name 'console'. Do you need to change your target library? Try changing the 'lib' compiler option to include 'dom'.
src/commands/config.command.ts(57,5): error TS2584: Cannot find name 'console'. Do you need to change your target library? Try changing the 'lib' compiler option to include 'dom'.
src/commands/config.command.ts(116,5): error TS2584: Cannot find name 'console'. Do you need to change your target library? Try changing the 'lib' compiler option to include 'dom'.
src/commands/config.command.ts(124,5): error TS2584: Cannot find name 'console'. Do you need to change your target library? Try changing the 'lib' compiler option to include 'dom'.
src/commands/config.command.ts(137,7): error TS2584: Cannot find name 'console'. Do you need to change your target library? Try changing the 'lib' compiler option to include 'dom'.
src/commands/config.command.ts(139,7): error TS2584: Cannot find name 'console'. Do you need to change your target library? Try changing the 'lib' compiler option to include 'dom'.
src/commands/config.command.ts(151,5): error TS2584: Cannot find name 'console'. Do you need to change your target library? Try changing the 'lib' compiler option to include 'dom'.
src/commands/config.command.ts(152,5): error TS2584: Cannot find name 'console'. Do you need to change your target library? Try changing the 'lib' compiler option to include 'dom'.
src/commands/config.command.ts(159,7): error TS2584: Cannot find name 'console'. Do you need to change your target library? Try changing the 'lib' compiler option to include 'dom'.
src/commands/config.command.ts(160,7): error TS2584: Cannot find name 'console'. Do you need to change your target library? Try changing the 'lib' compiler option to include 'dom'.
src/commands/config.command.ts(161,7): error TS2584: Cannot find name 'console'. Do you need to change your target library? Try changing the 'lib' compiler option to include 'dom'.
src/commands/config.command.ts(162,7): error TS2584: Cannot find name 'console'. Do you need to change your target library? Try changing the 'lib' compiler option to include 'dom'.
src/commands/config.command.ts(165,5): error TS2584: Cannot find name 'console'. Do you need to change your target library? Try changing the 'lib' compiler option to include 'dom'.
src/commands/config.command.ts(166,5): error TS2584: Cannot find name 'console'. Do you need to change your target library? Try changing the 'lib' compiler option to include 'dom'.
src/commands/history.command.ts(6,22): error TS2307: Cannot find module 'inquirer' or its corresponding type declarations.
src/commands/history.command.ts(7,19): error TS2307: Cannot find module 'chalk' or its corresponding type declarations.
src/commands/history.command.ts(66,7): error TS2584: Cannot find name 'console'. Do you need to change your target library? Try changing the 'lib' compiler option to include 'dom'.
src/commands/history.command.ts(70,5): error TS2584: Cannot find name 'console'. Do you need to change your target library? Try changing the 'lib' compiler option to include 'dom'.
src/commands/history.command.ts(71,5): error TS2584: Cannot find name 'console'. Do you need to change your target library? Try changing the 'lib' compiler option to include 'dom'.
src/commands/history.command.ts(81,7): error TS2584: Cannot find name 'console'. Do you need to change your target library? Try changing the 'lib' compiler option to include 'dom'.
src/commands/history.command.ts(82,7): error TS2584: Cannot find name 'console'. Do you need to change your target library? Try changing the 'lib' compiler option to include 'dom'.
src/commands/history.command.ts(83,7): error TS2584: Cannot find name 'console'. Do you need to change your target library? Try changing the 'lib' compiler option to include 'dom'.
src/commands/history.command.ts(86,5): error TS2584: Cannot find name 'console'. Do you need to change your target library? Try changing the 'lib' compiler option to include 'dom'.
src/commands/history.command.ts(87,5): error TS2584: Cannot find name 'console'. Do you need to change your target library? Try changing the 'lib' compiler option to include 'dom'.
src/commands/history.command.ts(98,7): error TS2584: Cannot find name 'console'. Do you need to change your target library? Try changing the 'lib' compiler option to include 'dom'.
src/commands/history.command.ts(102,5): error TS2584: Cannot find name 'console'. Do you need to change your target library? Try changing the 'lib' compiler option to include 'dom'.
src/commands/history.command.ts(103,5): error TS2584: Cannot find name 'console'. Do you need to change your target library? Try changing the 'lib' compiler option to include 'dom'.
src/commands/history.command.ts(104,5): error TS2584: Cannot find name 'console'. Do you need to change your target library? Try changing the 'lib' compiler option to include 'dom'.
src/commands/history.command.ts(105,5): error TS2584: Cannot find name 'console'. Do you need to change your target library? Try changing the 'lib' compiler option to include 'dom'.
src/commands/history.command.ts(106,5): error TS2584: Cannot find name 'console'. Do you need to change your target library? Try changing the 'lib' compiler option to include 'dom'.
src/commands/history.command.ts(107,5): error TS2584: Cannot find name 'console'. Do you need to change your target library? Try changing the 'lib' compiler option to include 'dom'.
src/commands/history.command.ts(118,7): error TS2584: Cannot find name 'console'. Do you need to change your target library? Try changing the 'lib' compiler option to include 'dom'.
src/commands/history.command.ts(119,7): error TS2584: Cannot find name 'console'. Do you need to change your target library? Try changing the 'lib' compiler option to include 'dom'.
src/commands/history.command.ts(122,5): error TS2584: Cannot find name 'console'. Do you need to change your target library? Try changing the 'lib' compiler option to include 'dom'.
src/commands/history.command.ts(133,7): error TS2584: Cannot find name 'console'. Do you need to change your target library? Try changing the 'lib' compiler option to include 'dom'.
src/commands/history.command.ts(135,7): error TS2584: Cannot find name 'console'. Do you need to change your target library? Try changing the 'lib' compiler option to include 'dom'.
src/commands/history.command.ts(147,7): error TS2584: Cannot find name 'console'. Do you need to change your target library? Try changing the 'lib' compiler option to include 'dom'.
src/commands/history.command.ts(151,5): error TS2584: Cannot find name 'console'. Do you need to change your target library? Try changing the 'lib' compiler option to include 'dom'.
src/commands/history.command.ts(164,7): error TS2584: Cannot find name 'console'. Do you need to change your target library? Try changing the 'lib' compiler option to include 'dom'.
src/commands/history.command.ts(166,7): error TS2584: Cannot find name 'console'. Do you need to change your target library? Try changing the 'lib' compiler option to include 'dom'.
src/commands/history.command.ts(181,9): error TS2584: Cannot find name 'console'. Do you need to change your target library? Try changing the 'lib' compiler option to include 'dom'.
src/commands/history.command.ts(201,7): error TS2584: Cannot find name 'console'. Do you need to change your target library? Try changing the 'lib' compiler option to include 'dom'.
src/commands/history.command.ts(218,29): error TS2307: Cannot find module 'fs-extra' or its corresponding type declarations.
src/commands/history.command.ts(230,5): error TS2584: Cannot find name 'console'. Do you need to change your target library? Try changing the 'lib' compiler option to include 'dom'.
src/commands/history.command.ts(241,7): error TS2584: Cannot find name 'console'. Do you need to change your target library? Try changing the 'lib' compiler option to include 'dom'.
src/commands/history.command.ts(245,5): error TS2584: Cannot find name 'console'. Do you need to change your target library? Try changing the 'lib' compiler option to include 'dom'.
src/commands/history.command.ts(246,5): error TS2584: Cannot find name 'console'. Do you need to change your target library? Try changing the 'lib' compiler option to include 'dom'.
src/commands/history.command.ts(257,7): error TS2584: Cannot find name 'console'. Do you need to change your target library? Try changing the 'lib' compiler option to include 'dom'.
src/commands/history.command.ts(280,7): error TS2584: Cannot find name 'console'. Do you need to change your target library? Try changing the 'lib' compiler option to include 'dom'.
src/commands/history.command.ts(303,7): error TS2584: Cannot find name 'console'. Do you need to change your target library? Try changing the 'lib' compiler option to include 'dom'.
src/commands/model.command.ts(6,22): error TS2307: Cannot find module 'inquirer' or its corresponding type declarations.
src/commands/token-limit.command.ts(6,22): error TS2307: Cannot find module 'inquirer' or its corresponding type declarations.
src/commands/token-limit.command.ts(98,3): error TS2584: Cannot find name 'console'. Do you need to change your target library? Try changing the 'lib' compiler option to include 'dom'.
src/commands/token-limit.command.ts(99,3): error TS2584: Cannot find name 'console'. Do you need to change your target library? Try changing the 'lib' compiler option to include 'dom'.
src/commands/token-limit.command.ts(100,3): error TS2584: Cannot find name 'console'. Do you need to change your target library? Try changing the 'lib' compiler option to include 'dom'.
src/commands/token-limit.command.ts(117,5): error TS2584: Cannot find name 'console'. Do you need to change your target library? Try changing the 'lib' compiler option to include 'dom'.
src/commands/update.command.ts(6,19): error TS2307: Cannot find module 'chalk' or its corresponding type declarations.
src/commands/update.command.ts(34,5): error TS2584: Cannot find name 'console'. Do you need to change your target library? Try changing the 'lib' compiler option to include 'dom'.
src/commands/update.command.ts(39,7): error TS2584: Cannot find name 'console'. Do you need to change your target library? Try changing the 'lib' compiler option to include 'dom'.
src/commands/update.command.ts(40,7): error TS2584: Cannot find name 'console'. Do you need to change your target library? Try changing the 'lib' compiler option to include 'dom'.
src/commands/update.command.ts(42,7): error TS2584: Cannot find name 'console'. Do you need to change your target library? Try changing the 'lib' compiler option to include 'dom'.
src/commands/update.command.ts(43,7): error TS2584: Cannot find name 'console'. Do you need to change your target library? Try changing the 'lib' compiler option to include 'dom'.
src/commands/update.command.ts(55,7): error TS2584: Cannot find name 'console'. Do you need to change your target library? Try changing the 'lib' compiler option to include 'dom'.
src/commands/update.command.ts(59,5): error TS2584: Cannot find name 'console'. Do you need to change your target library? Try changing the 'lib' compiler option to include 'dom'.
src/commands/update.command.ts(64,7): error TS2584: Cannot find name 'console'. Do you need to change your target library? Try changing the 'lib' compiler option to include 'dom'.
src/commands/update.command.ts(65,7): error TS2584: Cannot find name 'console'. Do you need to change your target library? Try changing the 'lib' compiler option to include 'dom'.
src/commands/update.command.ts(67,7): error TS2584: Cannot find name 'console'. Do you need to change your target library? Try changing the 'lib' compiler option to include 'dom'.
src/commands/update.command.ts(68,7): error TS2584: Cannot find name 'console'. Do you need to change your target library? Try changing the 'lib' compiler option to include 'dom'.
src/commands/update.command.ts(80,5): error TS2584: Cannot find name 'console'. Do you need to change your target library? Try changing the 'lib' compiler option to include 'dom'.
src/commands/update.command.ts(81,5): error TS2584: Cannot find name 'console'. Do you need to change your target library? Try changing the 'lib' compiler option to include 'dom'.
src/commands/update.command.ts(82,5): error TS2584: Cannot find name 'console'. Do you need to change your target library? Try changing the 'lib' compiler option to include 'dom'.
src/commands/update.command.ts(83,5): error TS2584: Cannot find name 'console'. Do you need to change your target library? Try changing the 'lib' compiler option to include 'dom'.
src/commands/update.command.ts(84,5): error TS2584: Cannot find name 'console'. Do you need to change your target library? Try changing the 'lib' compiler option to include 'dom'.
src/commands/update.command.ts(85,5): error TS2584: Cannot find name 'console'. Do you need to change your target library? Try changing the 'lib' compiler option to include 'dom'.
src/commands/update.command.ts(86,5): error TS2584: Cannot find name 'console'. Do you need to change your target library? Try changing the 'lib' compiler option to include 'dom'.
src/commands/update.command.ts(87,5): error TS2584: Cannot find name 'console'. Do you need to change your target library? Try changing the 'lib' compiler option to include 'dom'.
src/commands/update.command.ts(88,5): error TS2584: Cannot find name 'console'. Do you need to change your target library? Try changing the 'lib' compiler option to include 'dom'.
src/commands/update.command.ts(96,5): error TS2584: Cannot find name 'console'. Do you need to change your target library? Try changing the 'lib' compiler option to include 'dom'.
src/commands/update.command.ts(97,5): error TS2584: Cannot find name 'console'. Do you need to change your target library? Try changing the 'lib' compiler option to include 'dom'.
src/commands/update.command.ts(98,5): error TS2584: Cannot find name 'console'. Do you need to change your target library? Try changing the 'lib' compiler option to include 'dom'.
src/commands/update.command.ts(99,5): error TS2584: Cannot find name 'console'. Do you need to change your target library? Try changing the 'lib' compiler option to include 'dom'.
src/commands/update.command.ts(100,5): error TS2584: Cannot find name 'console'. Do you need to change your target library? Try changing the 'lib' compiler option to include 'dom'.
src/commands/update.command.ts(101,5): error TS2584: Cannot find name 'console'. Do you need to change your target library? Try changing the 'lib' compiler option to include 'dom'.
src/index.ts(1,8): error TS2882: Cannot find module or type declarations for side-effect import of 'dotenv/config'.
src/index.ts(5,31): error TS2591: Cannot find name 'node:url'. Do you need to install type definitions for node? Try `npm i --save-dev @types/node` and then add 'node' to the types field in your tsconfig.
src/index.ts(6,18): error TS2591: Cannot find name 'node:path'. Do you need to install type definitions for node? Try `npm i --save-dev @types/node` and then add 'node' to the types field in your tsconfig.
src/index.ts(7,16): error TS2591: Cannot find name 'node:fs'. Do you need to install type definitions for node? Try `npm i --save-dev @types/node` and then add 'node' to the types field in your tsconfig.
src/index.ts(15,20): error TS2591: Cannot find name 'process'. Do you need to install type definitions for node? Try `npm i --save-dev @types/node` and then add 'node' to the types field in your tsconfig.
src/index.ts(24,30): error TS2591: Cannot find name 'process'. Do you need to install type definitions for node? Try `npm i --save-dev @types/node` and then add 'node' to the types field in your tsconfig.
src/index.ts(26,5): error TS2584: Cannot find name 'console'. Do you need to change your target library? Try changing the 'lib' compiler option to include 'dom'.
src/index.ts(27,5): error TS2591: Cannot find name 'process'. Do you need to install type definitions for node? Try `npm i --save-dev @types/node` and then add 'node' to the types field in your tsconfig.
src/index.ts(32,51): error TS2339: Property 'url' does not exist on type 'ImportMeta'.
src/index.ts(33,26): error TS2591: Cannot find name 'process'. Do you need to install type definitions for node? Try `npm i --save-dev @types/node` and then add 'node' to the types field in your tsconfig.
src/index.ts(33,57): error TS2591: Cannot find name 'process'. Do you need to install type definitions for node? Try `npm i --save-dev @types/node` and then add 'node' to the types field in your tsconfig.
src/index.ts(49,5): error TS2584: Cannot find name 'console'. Do you need to change your target library? Try changing the 'lib' compiler option to include 'dom'.
src/index.ts(50,5): error TS2591: Cannot find name 'process'. Do you need to install type definitions for node? Try `npm i --save-dev @types/node` and then add 'node' to the types field in your tsconfig.
src/services/config.service.ts(1,18): error TS2591: Cannot find name 'node:path'. Do you need to install type definitions for node? Try `npm i --save-dev @types/node` and then add 'node' to the types field in your tsconfig.
src/services/config.service.ts(2,16): error TS2591: Cannot find name 'node:os'. Do you need to install type definitions for node? Try `npm i --save-dev @types/node` and then add 'node' to the types field in your tsconfig.
src/services/config.service.ts(3,16): error TS2307: Cannot find module 'fs-extra' or its corresponding type declarations.
src/services/config.service.ts(86,9): error TS2591: Cannot find name 'process'. Do you need to install type definitions for node? Try `npm i --save-dev @types/node` and then add 'node' to the types field in your tsconfig.
src/services/config.service.ts(87,28): error TS2591: Cannot find name 'process'. Do you need to install type definitions for node? Try `npm i --save-dev @types/node` and then add 'node' to the types field in your tsconfig.
src/services/config.service.ts(91,5): error TS2591: Cannot find name 'process'. Do you need to install type definitions for node? Try `npm i --save-dev @types/node` and then add 'node' to the types field in your tsconfig.
src/services/config.service.ts(92,5): error TS2591: Cannot find name 'process'. Do you need to install type definitions for node? Try `npm i --save-dev @types/node` and then add 'node' to the types field in your tsconfig.
src/services/history/json-repository.ts(1,16): error TS2307: Cannot find module 'fs-extra' or its corresponding type declarations.
src/services/history/json-repository.ts(2,18): error TS2591: Cannot find name 'node:path'. Do you need to install type definitions for node? Try `npm i --save-dev @types/node` and then add 'node' to the types field in your tsconfig.
src/services/history/json-repository.ts(43,7): error TS2584: Cannot find name 'console'. Do you need to change your target library? Try changing the 'lib' compiler option to include 'dom'.
src/services/history/json-repository.ts(63,7): error TS2584: Cannot find name 'console'. Do you need to change your target library? Try changing the 'lib' compiler option to include 'dom'.
src/services/history/json-repository.ts(77,7): error TS2584: Cannot find name 'console'. Do you need to change your target library? Try changing the 'lib' compiler option to include 'dom'.
src/services/history/json-repository.ts(91,7): error TS2584: Cannot find name 'console'. Do you need to change your target library? Try changing the 'lib' compiler option to include 'dom'.
src/services/history/json-repository.ts(98,27): error TS7006: Parameter 'f' implicitly has an 'any' type.
src/services/history/json-repository.ts(100,7): error TS2584: Cannot find name 'console'. Do you need to change your target library? Try changing the 'lib' compiler option to include 'dom'.
src/services/llm.service.ts(64,9): error TS2584: Cannot find name 'console'. Do you need to change your target library? Try changing the 'lib' compiler option to include 'dom'.
src/services/llm.service.ts(72,7): error TS2584: Cannot find name 'console'. Do you need to change your target library? Try changing the 'lib' compiler option to include 'dom'.
src/services/llm/axios-provider.ts(1,19): error TS2307: Cannot find module 'axios' or its corresponding type declarations.
src/services/llm/axios-provider.ts(66,42): error TS2591: Cannot find name 'Buffer'. Do you need to install type definitions for node? Try `npm i --save-dev @types/node` and then add 'node' to the types field in your tsconfig.
src/services/llm/openai-provider.ts(1,20): error TS2307: Cannot find module 'openai' or its corresponding type declarations.
src/services/llm/provider.interface.ts(15,17): error TS2304: Cannot find name 'AbortSignal'.
src/services/update.service.ts(7,26): error TS2591: Cannot find name 'child_process'. Do you need to install type definitions for node? Try `npm i --save-dev @types/node` and then add 'node' to the types field in your tsconfig.
src/services/update.service.ts(8,19): error TS2307: Cannot find module 'axios' or its corresponding type declarations.
src/services/update.service.ts(9,19): error TS2307: Cannot find module 'chalk' or its corresponding type declarations.
src/services/update.service.ts(10,19): error TS2307: Cannot find module 'boxen' or its corresponding type declarations.
src/services/update.service.ts(29,27): error TS2591: Cannot find name 'process'. Do you need to install type definitions for node? Try `npm i --save-dev @types/node` and then add 'node' to the types field in your tsconfig.
src/services/update.service.ts(30,24): error TS2591: Cannot find name 'process'. Do you need to install type definitions for node? Try `npm i --save-dev @types/node` and then add 'node' to the types field in your tsconfig.
src/services/update.service.ts(122,11): error TS2591: Cannot find name 'process'. Do you need to install type definitions for node? Try `npm i --save-dev @types/node` and then add 'node' to the types field in your tsconfig.
src/services/update.service.ts(123,9): error TS2584: Cannot find name 'console'. Do you need to change your target library? Try changing the 'lib' compiler option to include 'dom'.
src/services/update.service.ts(172,5): error TS2584: Cannot find name 'console'. Do you need to change your target library? Try changing the 'lib' compiler option to include 'dom'.
src/services/update.service.ts(177,16): error TS2591: Cannot find name 'process'. Do you need to install type definitions for node? Try `npm i --save-dev @types/node` and then add 'node' to the types field in your tsconfig.
src/services/update.service.ts(180,7): error TS2584: Cannot find name 'console'. Do you need to change your target library? Try changing the 'lib' compiler option to include 'dom'.
src/services/update.service.ts(181,7): error TS2584: Cannot find name 'console'. Do you need to change your target library? Try changing the 'lib' compiler option to include 'dom'.
src/services/update.service.ts(184,7): error TS2584: Cannot find name 'console'. Do you need to change your target library? Try changing the 'lib' compiler option to include 'dom'.
src/services/update.service.ts(185,7): error TS2584: Cannot find name 'console'. Do you need to change your target library? Try changing the 'lib' compiler option to include 'dom'.
src/services/update.service.ts(186,7): error TS2584: Cannot find name 'console'. Do you need to change your target library? Try changing the 'lib' compiler option to include 'dom'.
src/services/update.service.ts(220,5): error TS2584: Cannot find name 'console'. Do you need to change your target library? Try changing the 'lib' compiler option to include 'dom'.
src/services/update.service.ts(221,5): error TS2584: Cannot find name 'console'. Do you need to change your target library? Try changing the 'lib' compiler option to include 'dom'.
src/services/update.service.ts(222,5): error TS2584: Cannot find name 'console'. Do you need to change your target library? Try changing the 'lib' compiler option to include 'dom'.
src/tools/executor.ts(1,16): error TS2307: Cannot find module 'fs-extra' or its corresponding type declarations.
src/tools/executor.ts(2,18): error TS2591: Cannot find name 'node:path'. Do you need to install type definitions for node? Try `npm i --save-dev @types/node` and then add 'node' to the types field in your tsconfig.
src/tools/executor.ts(3,22): error TS2591: Cannot find name 'node:child_process'. Do you need to install type definitions for node? Try `npm i --save-dev @types/node` and then add 'node' to the types field in your tsconfig.
src/tools/executor.ts(4,27): error TS2591: Cannot find name 'node:util'. Do you need to install type definitions for node? Try `npm i --save-dev @types/node` and then add 'node' to the types field in your tsconfig.
src/tools/executor.ts(5,19): error TS2307: Cannot find module 'axios' or its corresponding type declarations.
src/tools/executor.ts(6,26): error TS2307: Cannot find module 'cheerio' or its corresponding type declarations.
src/tools/executor.ts(7,42): error TS2307: Cannot find module 'puppeteer' or its corresponding type declarations.
src/tools/executor.ts(146,25): error TS2591: Cannot find name 'process'. Do you need to install type definitions for node? Try `npm i --save-dev @types/node` and then add 'node' to the types field in your tsconfig.
src/tools/executor.ts(150,44): error TS2591: Cannot find name 'process'. Do you need to install type definitions for node? Try `npm i --save-dev @types/node` and then add 'node' to the types field in your tsconfig.
src/tools/executor.ts(222,43): error TS2304: Cannot find name 'setTimeout'.
src/tools/executor.ts(286,23): error TS2591: Cannot find name 'process'. Do you need to install type definitions for node? Try `npm i --save-dev @types/node` and then add 'node' to the types field in your tsconfig.
src/tools/executor.ts(287,23): error TS2591: Cannot find name 'process'. Do you need to install type definitions for node? Try `npm i --save-dev @types/node` and then add 'node' to the types field in your tsconfig.
src/tools/executor.ts(287,57): error TS2591: Cannot find name 'process'. Do you need to install type definitions for node? Try `npm i --save-dev @types/node` and then add 'node' to the types field in your tsconfig.
src/tools/executor.ts(340,25): error TS2591: Cannot find name 'process'. Do you need to install type definitions for node? Try `npm i --save-dev @types/node` and then add 'node' to the types field in your tsconfig.
src/tools/executor.ts(340,59): error TS2591: Cannot find name 'process'. Do you need to install type definitions for node? Try `npm i --save-dev @types/node` and then add 'node' to the types field in your tsconfig.
src/tools/executor.ts(428,7): error TS2584: Cannot find name 'console'. Do you need to change your target library? Try changing the 'lib' compiler option to include 'dom'.
src/tools/executor.ts(441,28): error TS2304: Cannot find name 'URL'.
src/tools/executor.ts(466,7): error TS2584: Cannot find name 'console'. Do you need to change your target library? Try changing the 'lib' compiler option to include 'dom'.
src/tools/executor.ts(493,9): error TS2584: Cannot find name 'console'. Do you need to change your target library? Try changing the 'lib' compiler option to include 'dom'.
src/tools/executor.ts(533,34): error TS2304: Cannot find name 'setTimeout'.
src/tools/executor.ts(562,7): error TS2584: Cannot find name 'console'. Do you need to change your target library? Try changing the 'lib' compiler option to include 'dom'.
src/tools/executor.ts(578,45): error TS7006: Parameter 'sel' implicitly has an 'any' type.
src/tools/executor.ts(595,7): error TS2584: Cannot find name 'console'. Do you need to change your target library? Try changing the 'lib' compiler option to include 'dom'.
src/tools/executor.ts(674,11): error TS2584: Cannot find name 'console'. Do you need to change your target library? Try changing the 'lib' compiler option to include 'dom'.
src/tools/executor.ts(696,7): error TS2584: Cannot find name 'console'. Do you need to change your target library? Try changing the 'lib' compiler option to include 'dom'.
src/tools/executor.ts(723,7): error TS2584: Cannot find name 'console'. Do you need to change your target library? Try changing the 'lib' compiler option to include 'dom'.
src/ui/components.ts(6,19): error TS2307: Cannot find module 'chalk' or its corresponding type declarations.
src/ui/components.ts(7,19): error TS2307: Cannot find module 'boxen' or its corresponding type declarations.
src/ui/components.ts(8,20): error TS2307: Cannot find module 'cfonts' or its corresponding type declarations.
src/ui/components.ts(9,27): error TS2307: Cannot find module 'terminal-image' or its corresponding type declarations.
src/ui/components.ts(10,16): error TS2307: Cannot find module 'fs-extra' or its corresponding type declarations.
src/ui/components.ts(11,18): error TS2591: Cannot find name 'node:path'. Do you need to install type definitions for node? Try `npm i --save-dev @types/node` and then add 'node' to the types field in your tsconfig.
src/ui/components.ts(12,31): error TS2591: Cannot find name 'node:url'. Do you need to install type definitions for node? Try `npm i --save-dev @types/node` and then add 'node' to the types field in your tsconfig.
src/ui/components.ts(15,25): error TS2304: Cannot find name '__dirname'.
src/ui/components.ts(16,5): error TS2304: Cannot find name '__dirname'.
src/ui/components.ts(17,44): error TS2339: Property 'url' does not exist on type 'ImportMeta'.
src/ui/components.ts(105,15): error TS2591: Cannot find name 'process'. Do you need to install type definitions for node? Try `npm i --save-dev @types/node` and then add 'node' to the types field in your tsconfig.
src/ui/components.ts(162,3): error TS2584: Cannot find name 'console'. Do you need to change your target library? Try changing the 'lib' compiler option to include 'dom'.
src/ui/renderer.ts(7,19): error TS2307: Cannot find module 'chalk' or its corresponding type declarations.
src/ui/renderer.ts(8,24): error TS2307: Cannot find module 'marked' or its corresponding type declarations.
src/ui/spinner.ts(1,26): error TS2307: Cannot find module 'ora' or its corresponding type declarations.
src/ui/terminal.ts(6,22): error TS2591: Cannot find name 'node:readline'. Do you need to install type definitions for node? Try `npm i --save-dev @types/node` and then add 'node' to the types field in your tsconfig.
src/ui/terminal.ts(7,19): error TS2307: Cannot find module 'chalk' or its corresponding type declarations.
src/ui/terminal.ts(22,14): error TS2591: Cannot find name 'process'. Do you need to install type definitions for node? Try `npm i --save-dev @types/node` and then add 'node' to the types field in your tsconfig.
src/ui/terminal.ts(23,15): error TS2591: Cannot find name 'process'. Do you need to install type definitions for node? Try `npm i --save-dev @types/node` and then add 'node' to the types field in your tsconfig.
src/ui/terminal.ts(41,9): error TS2591: Cannot find name 'process'. Do you need to install type definitions for node? Try `npm i --save-dev @types/node` and then add 'node' to the types field in your tsconfig.
src/ui/terminal.ts(42,7): error TS2591: Cannot find name 'process'. Do you need to install type definitions for node? Try `npm i --save-dev @types/node` and then add 'node' to the types field in your tsconfig.
src/ui/terminal.ts(46,9): error TS2591: Cannot find name 'process'. Do you need to install type definitions for node? Try `npm i --save-dev @types/node` and then add 'node' to the types field in your tsconfig.
src/ui/terminal.ts(46,32): error TS2591: Cannot find name 'process'. Do you need to install type definitions for node? Try `npm i --save-dev @types/node` and then add 'node' to the types field in your tsconfig.
src/ui/terminal.ts(48,9): error TS2591: Cannot find name 'process'. Do you need to install type definitions for node? Try `npm i --save-dev @types/node` and then add 'node' to the types field in your tsconfig.
src/ui/terminal.ts(54,5): error TS2591: Cannot find name 'process'. Do you need to install type definitions for node? Try `npm i --save-dev @types/node` and then add 'node' to the types field in your tsconfig.
src/ui/terminal.ts(60,9): error TS2591: Cannot find name 'process'. Do you need to install type definitions for node? Try `npm i --save-dev @types/node` and then add 'node' to the types field in your tsconfig.
src/ui/terminal.ts(61,7): error TS2591: Cannot find name 'process'. Do you need to install type definitions for node? Try `npm i --save-dev @types/node` and then add 'node' to the types field in your tsconfig.
src/ui/terminal.ts(72,34): error TS2304: Cannot find name 'setTimeout'.
src/ui/terminal.ts(80,33): error TS7006: Parameter 'answer' implicitly has an 'any' type.
src/ui/terminal.ts(85,29): error TS2591: Cannot find name 'process'. Do you need to install type definitions for node? Try `npm i --save-dev @types/node` and then add 'node' to the types field in your tsconfig.
src/ui/terminal.ts(86,28): error TS2591: Cannot find name 'process'. Do you need to install type definitions for node? Try `npm i --save-dev @types/node` and then add 'node' to the types field in your tsconfig.
src/ui/terminal.ts(87,27): error TS2591: Cannot find name 'process'. Do you need to install type definitions for node? Try `npm i --save-dev @types/node` and then add 'node' to the types field in your tsconfig.
src/ui/terminal.ts(90,11): error TS2591: Cannot find name 'process'. Do you need to install type definitions for node? Try `npm i --save-dev @types/node` and then add 'node' to the types field in your tsconfig.
src/ui/terminal.ts(102,5): error TS2591: Cannot find name 'process'. Do you need to install type definitions for node? Try `npm i --save-dev @types/node` and then add 'node' to the types field in your tsconfig.
src/ui/terminal.ts(109,25): error TS2591: Cannot find name 'process'. Do you need to install type definitions for node? Try `npm i --save-dev @types/node` and then add 'node' to the types field in your tsconfig.
src/ui/terminal.ts(110,24): error TS2591: Cannot find name 'process'. Do you need to install type definitions for node? Try `npm i --save-dev @types/node` and then add 'node' to the types field in your tsconfig.
src/ui/terminal.ts(111,23): error TS2591: Cannot find name 'process'. Do you need to install type definitions for node? Try `npm i --save-dev @types/node` and then add 'node' to the types field in your tsconfig.
src/utils/abort-handler.ts(14,15): error TS2304: Cannot find name 'AbortController'.
src/utils/abort-handler.ts(30,20): error TS2591: Cannot find name 'process'. Do you need to install type definitions for node? Try `npm i --save-dev @types/node` and then add 'node' to the types field in your tsconfig.
src/utils/abort-handler.ts(34,26): error TS2304: Cannot find name 'AbortController'.
src/utils/abort-handler.ts(36,24): error TS2591: Cannot find name 'Buffer'. Do you need to install type definitions for node? Try `npm i --save-dev @types/node` and then add 'node' to the types field in your tsconfig.
src/utils/abort-handler.ts(39,22): error TS2591: Cannot find name 'process'. Do you need to install type definitions for node? Try `npm i --save-dev @types/node` and then add 'node' to the types field in your tsconfig.
src/utils/abort-handler.ts(41,5): error TS2591: Cannot find name 'process'. Do you need to install type definitions for node? Try `npm i --save-dev @types/node` and then add 'node' to the types field in your tsconfig.
src/utils/abort-handler.ts(42,5): error TS2591: Cannot find name 'process'. Do you need to install type definitions for node? Try `npm i --save-dev @types/node` and then add 'node' to the types field in your tsconfig.
src/utils/abort-handler.ts(43,5): error TS2591: Cannot find name 'process'. Do you need to install type definitions for node? Try `npm i --save-dev @types/node` and then add 'node' to the types field in your tsconfig.
src/utils/abort-handler.ts(45,22): error TS2591: Cannot find name 'Buffer'. Do you need to install type definitions for node? Try `npm i --save-dev @types/node` and then add 'node' to the types field in your tsconfig.
src/utils/abort-handler.ts(63,5): error TS2591: Cannot find name 'process'. Do you need to install type definitions for node? Try `npm i --save-dev @types/node` and then add 'node' to the types field in your tsconfig.
src/utils/abort-handler.ts(68,23): error TS2591: Cannot find name 'process'. Do you need to install type definitions for node? Try `npm i --save-dev @types/node` and then add 'node' to the types field in your tsconfig.
src/utils/abort-handler.ts(71,7): error TS2591: Cannot find name 'process'. Do you need to install type definitions for node? Try `npm i --save-dev @types/node` and then add 'node' to the types field in your tsconfig.
src/utils/abort-handler.ts(74,5): error TS2591: Cannot find name 'process'. Do you need to install type definitions for node? Try `npm i --save-dev @types/node` and then add 'node' to the types field in your tsconfig.
src/utils/abort-handler.ts(75,5): error TS2591: Cannot find name 'process'. Do you need to install type definitions for node? Try `npm i --save-dev @types/node` and then add 'node' to the types field in your tsconfig.
src/utils/abort-handler.ts(79,7): error TS2591: Cannot find name 'process'. Do you need to install type definitions for node? Try `npm i --save-dev @types/node` and then add 'node' to the types field in your tsconfig.
src/utils/abort-handler.ts(106,45): error TS2304: Cannot find name 'AbortController'.
src/utils/abort-handler.ts(107,14): error TS2304: Cannot find name 'AbortController'.
src/utils/clipboard.ts(1,23): error TS2591: Cannot find name 'node:child_process'. Do you need to install type definitions for node? Try `npm i --save-dev @types/node` and then add 'node' to the types field in your tsconfig.
src/utils/clipboard.ts(2,16): error TS2591: Cannot find name 'node:os'. Do you need to install type definitions for node? Try `npm i --save-dev @types/node` and then add 'node' to the types field in your tsconfig.
src/utils/clipboard.ts(3,18): error TS2591: Cannot find name 'node:path'. Do you need to install type definitions for node? Try `npm i --save-dev @types/node` and then add 'node' to the types field in your tsconfig.
src/utils/git.ts(6,32): error TS2591: Cannot find name 'node:child_process'. Do you need to install type definitions for node? Try `npm i --save-dev @types/node` and then add 'node' to the types field in your tsconfig.
src/utils/git.ts(7,18): error TS2591: Cannot find name 'node:path'. Do you need to install type definitions for node? Try `npm i --save-dev @types/node` and then add 'node' to the types field in your tsconfig.
src/utils/git.ts(8,16): error TS2307: Cannot find module 'fs-extra' or its corresponding type declarations.
src/utils/git.ts(53,63): error TS2591: Cannot find name 'process'. Do you need to install type definitions for node? Try `npm i --save-dev @types/node` and then add 'node' to the types field in your tsconfig.
src/utils/git.ts(65,97): error TS2591: Cannot find name 'process'. Do you need to install type definitions for node? Try `npm i --save-dev @types/node` and then add 'node' to the types field in your tsconfig.
src/utils/git.ts(76,91): error TS2591: Cannot find name 'process'. Do you need to install type definitions for node? Try `npm i --save-dev @types/node` and then add 'node' to the types field in your tsconfig.
src/utils/git.ts(103,14): error TS2591: Cannot find name 'process'. Do you need to install type definitions for node? Try `npm i --save-dev @types/node` and then add 'node' to the types field in your tsconfig.
src/utils/git.ts(116,12): error TS2591: Cannot find name 'process'. Do you need to install type definitions for node? Try `npm i --save-dev @types/node` and then add 'node' to the types field in your tsconfig.
src/utils/git.ts(174,12): error TS2591: Cannot find name 'process'. Do you need to install type definitions for node? Try `npm i --save-dev @types/node` and then add 'node' to the types field in your tsconfig.
src/utils/git.ts(193,12): error TS2591: Cannot find name 'process'. Do you need to install type definitions for node? Try `npm i --save-dev @types/node` and then add 'node' to the types field in your tsconfig.
src/utils/git.ts(215,12): error TS2591: Cannot find name 'process'. Do you need to install type definitions for node? Try `npm i --save-dev @types/node` and then add 'node' to the types field in your tsconfig.
src/utils/git.ts(220,15): error TS7006: Parameter 'line' implicitly has an 'any' type.
src/utils/git.ts(221,12): error TS7006: Parameter 'line' implicitly has an 'any' type.
src/utils/git.ts(250,12): error TS2591: Cannot find name 'process'. Do you need to install type definitions for node? Try `npm i --save-dev @types/node` and then add 'node' to the types field in your tsconfig.
src/utils/git.ts(255,15): error TS7006: Parameter 'line' implicitly has an 'any' type.
src/utils/git.ts(256,12): error TS7006: Parameter 'line' implicitly has an 'any' type.
src/utils/git.ts(277,12): error TS2591: Cannot find name 'process'. Do you need to install type definitions for node? Try `npm i --save-dev @types/node` and then add 'node' to the types field in your tsconfig.
src/utils/git.ts(293,12): error TS2591: Cannot find name 'process'. Do you need to install type definitions for node? Try `npm i --save-dev @types/node` and then add 'node' to the types field in your tsconfig.
src/utils/message-formatter.ts(6,19): error TS2307: Cannot find module 'chalk' or its corresponding type declarations.
src/utils/message-formatter.ts(7,19): error TS2307: Cannot find module 'boxen' or its corresponding type declarations.
src/utils/terminal-input.ts(6,22): error TS2591: Cannot find name 'node:readline'. Do you need to install type definitions for node? Try `npm i --save-dev @types/node` and then add 'node' to the types field in your tsconfig.
src/utils/terminal-input.ts(7,19): error TS2307: Cannot find module 'chalk' or its corresponding type declarations.
src/utils/terminal-input.ts(27,12): error TS2591: Cannot find name 'process'. Do you need to install type definitions for node? Try `npm i --save-dev @types/node` and then add 'node' to the types field in your tsconfig.
src/utils/terminal-input.ts(28,13): error TS2591: Cannot find name 'process'. Do you need to install type definitions for node? Try `npm i --save-dev @types/node` and then add 'node' to the types field in your tsconfig.
src/utils/terminal-input.ts(60,3): error TS2584: Cannot find name 'console'. Do you need to change your target library? Try changing the 'lib' compiler option to include 'dom'.
src/utils/terminal-input.ts(74,23): error TS2591: Cannot find name 'process'. Do you need to install type definitions for node? Try `npm i --save-dev @types/node` and then add 'node' to the types field in your tsconfig.
src/utils/terminal-input.ts(75,22): error TS2591: Cannot find name 'process'. Do you need to install type definitions for node? Try `npm i --save-dev @types/node` and then add 'node' to the types field in your tsconfig.
src/utils/terminal-input.ts(76,21): error TS2591: Cannot find name 'process'. Do you need to install type definitions for node? Try `npm i --save-dev @types/node` and then add 'node' to the types field in your tsconfig.
src/utils/terminal-input.ts(95,26): error TS7006: Parameter 'answer' implicitly has an 'any' type.
src/utils/tool-executor.ts(6,22): error TS2307: Cannot find module 'inquirer' or its corresponding type declarations.
src/utils/tool-executor.ts(7,19): error TS2307: Cannot find module 'chalk' or its corresponding type declarations.
src/utils/tool-executor.ts(69,3): error TS2591: Cannot find name 'process'. Do you need to install type definitions for node? Try `npm i --save-dev @types/node` and then add 'node' to the types field in your tsconfig.
src/utils/tool-executor.ts(109,5): error TS2591: Cannot find name 'process'. Do you need to install type definitions for node? Try `npm i --save-dev @types/node` and then add 'node' to the types field in your tsconfig.
src/utils/tool-executor.ts(124,3): error TS2591: Cannot find name 'process'. Do you need to install type definitions for node? Try `npm i --save-dev @types/node` and then add 'node' to the types field in your tsconfig.
src/utils/tool-executor.ts(128,5): error TS2591: Cannot find name 'process'. Do you need to install type definitions for node? Try `npm i --save-dev @types/node` and then add 'node' to the types field in your tsconfig.
src/utils/tool-executor.ts(137,5): error TS2591: Cannot find name 'process'. Do you need to install type definitions for node? Try `npm i --save-dev @types/node` and then add 'node' to the types field in your tsconfig.
